Right [Judgement (Header ("Test", 0.0, 0.0),
                  [Comment (Positive,
                            [CommentStr "Very good.",CommentStr "More text."]),
                   Comment (Negative,
                            [CommentStr "Not very good.",
                             CommentStr "Even more text.",
                             CommentCmt (Comment (Impartial,
                                                  [CommentStr "You judge."]))])],
                  [])]
