[Judgement (Header ("Test", Given 0, 0),
            [],
            [Remark (Positive,
                     [RemarkStr "Very good.",RemarkStr "More text."]),
             Remark (Negative,
                     [RemarkStr "Not very good.",
                      RemarkStr "Even more text.",
                      RemarkCmt (Remark (Impartial,
                                         [RemarkStr "You judge."]))])],
            [])]
