[Judgement (Header ("A", Just 0, 0),
            [],
            [Comment (Positive, [CommentStr "Very good."])],
            [Judgement (Header ("B", Just 0, 0),
                        [],
                        [Comment (Negative, [CommentStr "Not so good."])],
                        [])]),
 Judgement (Header ("C", Just 0, 0),
            [],
            [Comment (Impartial,
                      [CommentStr "Something in-between."])],
            [])]
