[Judgement (Header ("A", Given 0, 0),
            [],
            [Remark (Positive,
                     [RemarkStr "Very good.",RemarkStr "More text."])],
            []),
 Judgement (Header ("B", Given 0, 0),
            [],
            [Remark (Negative,
                     [RemarkStr "Not so good.",
                      RemarkStr "Even more text."]),
             Remark (Positive,
                     [RemarkStr "Something was good about this."])],
            []),
 Judgement (Header ("C", Given 0, 0),
            [],
            [Remark (Impartial,
                     [RemarkStr "Something in-between."])],
            [])]
