[Judgement (Header ("A", Given 0, 0),
            [],
            [Remark (Positive, [RemarkStr "Very good."])],
            [Judgement (Header ("B", Given 0, 0),
                        [],
                        [Remark (Negative, [RemarkStr "Not so good."])],
                        [])]),
 Judgement (Header ("C", Given 0, 0),
            [],
            [Remark (Impartial,
                     [RemarkStr "Something in-between."])],
            [])]
