[Judgement (Header ("A", Just 0, 0),
            [],
            [Comment (Positive,
                      [CommentStr "Very good.",CommentStr "More text."])],
            []),
 Judgement (Header ("B", Just 0, 0),
            [],
            [Comment (Negative,
                      [CommentStr "Not so good.",
                       CommentStr "Even more text."]),
             Comment (Positive,
                      [CommentStr "Something was good about this."])],
            []),
 Judgement (Header ("C", Just 0, 0),
            [],
            [Comment (Impartial,
                      [CommentStr "Something in-between."])],
            [])]
